type octile
width 91
height 91
map
@@@@@@@@@@@@@@@@@@@@@@@@@@@@@@@@@@@@@@@@@@@@@@@@@@@@@@@@@@@@@@@@@@@@@@@@@@@@@@@@@@@@@@@@@@@
@@@@@@@@@@@@@@@@@@@@@@@@@@@@@@@@@@@@@@@@@@@@@@@@@@@@@@@@@@@@@@@@@@@@@@@@@@@@@@@@@@@@@@@@@@@
@@.......................................................................................@@
@@.......................................................................................@@
@@.......................................................................................@@
@@.......................................................................................@@
@@.......................................................................................@@
@@.......................................................................................@@
@@.......................................................................................@@
@@.......................................................................................@@
@@...........................@@@@...............................@@@@.....................@@
@@...........................@@@@...........@@@@................@@@@.....................@@
@@...........................@@@@...........@@@@................@@@@.....................@@
@@...........................@@@@...........@@@@................@@@@.....................@@
@@................................@@@@......@@@@.........................................@@
@@......................@@@@......@@@@..............@@@@........@@@@.....................@@
@@......................@@@@......@@@@.@@@@.........@@@@........@@@@.....................@@
@@......................@@@@......@@@@.@@@@.........@@@@........@@@@.....................@@
@@......................@@@@...........@@@@.........@@@@........@@@@.....................@@
@@.....................................@@@@..............................................@@
@@.........................................................@@@@..........................@@
@@...........................@@@@..........................@@@@..........................@@
@@...........................@@@@..........................@@@@..........................@@
@@...........................@@@@..........................@@@@..........................@@
@@...........................@@@@........................................................@@
@@......................@@@@....................................@@@@.....................@@
@@......................@@@@....................................@@@@.....................@@
@@......................@@@@....................................@@@@.....................@@
@@......................@@@@...........@@@@.....................@@@@.....................@@
@@.....................................@@@@..............................................@@
@@.....................................@@@@.@@@@.........................................@@
@@...........................@@@@......@@@@.@@@@.........................................@@
@@...........................@@@@...........@@@@.........................................@@
@@...........................@@@@...........@@@@...........@@@@..........................@@
@@...........................@@@@......@@@@................@@@@..........................@@
@@......................@@@@......@@@@.@@@@.........@@@@...@@@@.@@@@.....................@@
@@......................@@@@......@@@@.@@@@.........@@@@...@@@@.@@@@.....................@@
@@......................@@@@......@@@@.@@@@.@@@@....@@@@........@@@@.....................@@
@@......................@@@@......@@@@......@@@@....@@@@........@@@@.....................@@
@@...........................@@@@...........@@@@.........................................@@
@@...........................@@@@......@@@@.@@@@...........@@@@..........................@@
@@...........................@@@@......@@@@................@@@@..........................@@
@@...........................@@@@......@@@@................@@@@..........................@@
@@.....................................@@@@.........@@@@...@@@@..........................@@
@@..................................................@@@@.................................@@
@@......................@@@@......@@@@..............@@@@...@@@@.@@@@.....................@@
@@......................@@@@......@@@@..............@@@@...@@@@.@@@@.....................@@
@@......................@@@@......@@@@.....................@@@@.@@@@.....................@@
@@......................@@@@......@@@@.@@@@................@@@@.@@@@.....................@@
@@.....................................@@@@..............................................@@
@@...........................@@@@......@@@@.@@@@.........................................@@
@@...........................@@@@......@@@@.@@@@.........................................@@
@@...........................@@@@...........@@@@.........................................@@
@@...........................@@@@...........@@@@.........................................@@
@@.......................................................................................@@
@@......................@@@@........................@@@@.................................@@
@@......................@@@@........................@@@@.................................@@
@@......................@@@@........................@@@@........@@@@.....................@@
@@......................@@@@........................@@@@........@@@@.....................@@
@@..............................................................@@@@.....................@@
@@...........................@@@@...........@@@@...........@@@@.@@@@.....................@@
@@...........................@@@@...........@@@@...........@@@@..........................@@
@@...........................@@@@...........@@@@...........@@@@..........................@@
@@...........................@@@@...........@@@@...........@@@@..........................@@
@@.......................................................................................@@
@@...........................@@@@...................@@@@.................................@@
@@...........................@@@@...................@@@@........@@@@.....................@@
@@...........................@@@@......@@@@.........@@@@........@@@@.....................@@
@@...........................@@@@......@@@@.........@@@@........@@@@.....................@@
@@.....................................@@@@.....................@@@@.....................@@
@@......................@@@@...........@@@@................@@@@..........................@@
@@......................@@@@...............................@@@@..........................@@
@@......................@@@@...............................@@@@..........................@@
@@......................@@@@...............................@@@@..........................@@
@@.......................................................................................@@
@@.......................................................................................@@
@@......................@@@@...........@@@@..............................................@@
@@......................@@@@...........@@@@..............................................@@
@@......................@@@@...........@@@@..............................................@@
@@......................@@@@...........@@@@..............................................@@
@@.......................................................................................@@
@@.......................................................................................@@
@@.......................................................................................@@
@@.......................................................................................@@
@@.......................................................................................@@
@@.......................................................................................@@
@@.......................................................................................@@
@@.......................................................................................@@
@@.......................................................................................@@
@@@@@@@@@@@@@@@@@@@@@@@@@@@@@@@@@@@@@@@@@@@@@@@@@@@@@@@@@@@@@@@@@@@@@@@@@@@@@@@@@@@@@@@@@@@
@@@@@@@@@@@@@@@@@@@@@@@@@@@@@@@@@@@@@@@@@@@@@@@@@@@@@@@@@@@@@@@@@@@@@@@@@@@@@@@@@@@@@@@@@@@
